>// hello 🐱 world
#^^^^^^^^^^^^^^^^^ source.wit comment.line.double-slash.wit
>
>package foo:foo
#^^^^^^^ source.wit meta.package-decl.wit storage.modifier.package-decl.wit
#       ^ source.wit meta.package-decl.wit
#        ^^^ source.wit meta.package-decl.wit meta.id.package-decl.wit meta.package-identifier.wit entity.name.namespace.package-identifier.wit entity.name.type.id.wit
#           ^ source.wit meta.package-decl.wit meta.id.package-decl.wit meta.package-identifier.wit keyword.operator.namespace.package-identifier.wit
#            ^^^ source.wit meta.package-decl.wit meta.id.package-decl.wit meta.package-identifier.wit entity.name.type.package-identifier.wit entity.name.type.id.wit
>
>interface conventions {
#^^^^^^^^^ source.wit meta.interface-item.wit keyword.declaration.interface.interface-item.wit storage.type.wit
#         ^ source.wit meta.interface-item.wit
#          ^^^^^^^^^^^ source.wit meta.interface-item.wit entity.name.type.id.interface-item.wit
#                     ^ source.wit meta.interface-item.wit
#                      ^ source.wit meta.interface-item.wit punctuation.brackets.curly.begin.wit
>  kebab-case: func()
#^^ source.wit meta.interface-item.wit meta.whitespace.wit
#  ^^^^^ source.wit meta.interface-item.wit meta.func-item.wit entity.name.function.id.func-item.wit meta.word.wit
#       ^ source.wit meta.interface-item.wit meta.func-item.wit entity.name.function.id.func-item.wit meta.word-separator.wit
#        ^^^^ source.wit meta.interface-item.wit meta.func-item.wit entity.name.function.id.func-item.wit meta.word.wit
#            ^ source.wit meta.interface-item.wit meta.func-item.wit keyword.operator.key-value.wit
#             ^ source.wit meta.interface-item.wit meta.func-item.wit meta.whitespace.wit
#              ^^^^ source.wit meta.interface-item.wit meta.func-item.wit meta.function.wit keyword.other.func.func-type.wit
#                  ^ source.wit meta.interface-item.wit meta.func-item.wit meta.function.wit meta.param-list.wit punctuation.brackets.round.begin.wit
#                   ^ source.wit meta.interface-item.wit meta.func-item.wit meta.function.wit meta.param-list.wit punctuation.brackets.round.end.wit
>
>  record ludicrous-speed {
#^^ source.wit meta.interface-item.wit meta.whitespace.wit
#  ^^^^^^ source.wit meta.interface-item.wit meta.record-item.wit keyword.declaration.record.record-item.wit
#        ^ source.wit meta.interface-item.wit meta.record-item.wit
#         ^^^^^^^^^^^^^^^ source.wit meta.interface-item.wit meta.record-item.wit entity.name.type.id.record-item.wit
#                        ^ source.wit meta.interface-item.wit meta.record-item.wit
#                         ^ source.wit meta.interface-item.wit meta.record-item.wit punctuation.brackets.curly.begin.wit
>    how-fast-are-you-going: u32,
#^^^^ source.wit meta.interface-item.wit meta.record-item.wit meta.whitespace.wit
#    ^^^^^^^^^^^^^^^^^^^^^^ source.wit meta.interface-item.wit meta.record-item.wit meta.record-fields.wit variable.declaration.id.record-fields.wit
#                          ^ source.wit meta.interface-item.wit meta.record-item.wit meta.record-fields.wit keyword.operator.key-value.wit
#                           ^ source.wit meta.interface-item.wit meta.record-item.wit meta.record-fields.wit meta.whitespace.wit
#                            ^^^ source.wit meta.interface-item.wit meta.record-item.wit meta.record-fields.wit entity.name.type.numeric.wit
#                               ^ source.wit meta.interface-item.wit meta.record-item.wit meta.record-fields.wit punctuation.comma.wit
>    i-am-going-extremely-slow: u64,
#^^^^ source.wit meta.interface-item.wit meta.record-item.wit meta.whitespace.wit
#    ^^^^^^^^^^^^^^^^^^^^^^^^^ source.wit meta.interface-item.wit meta.record-item.wit meta.record-fields.wit variable.declaration.id.record-fields.wit
#                             ^ source.wit meta.interface-item.wit meta.record-item.wit meta.record-fields.wit keyword.operator.key-value.wit
#                              ^ source.wit meta.interface-item.wit meta.record-item.wit meta.record-fields.wit meta.whitespace.wit
#                               ^^^ source.wit meta.interface-item.wit meta.record-item.wit meta.record-fields.wit entity.name.type.numeric.wit
#                                  ^ source.wit meta.interface-item.wit meta.record-item.wit meta.record-fields.wit punctuation.comma.wit
>  }
#^^ source.wit meta.interface-item.wit meta.record-item.wit meta.whitespace.wit
#  ^ source.wit meta.interface-item.wit meta.record-item.wit punctuation.brackets.curly.end.wit
>
>  foo: func(x: ludicrous-speed)
#^^ source.wit meta.interface-item.wit meta.whitespace.wit
#  ^^^ source.wit meta.interface-item.wit meta.func-item.wit entity.name.function.id.func-item.wit meta.word.wit
#     ^ source.wit meta.interface-item.wit meta.func-item.wit keyword.operator.key-value.wit
#      ^ source.wit meta.interface-item.wit meta.func-item.wit meta.whitespace.wit
#       ^^^^ source.wit meta.interface-item.wit meta.func-item.wit meta.function.wit keyword.other.func.func-type.wit
#           ^ source.wit meta.interface-item.wit meta.func-item.wit meta.function.wit meta.param-list.wit punctuation.brackets.round.begin.wit
#            ^ source.wit meta.interface-item.wit meta.func-item.wit meta.function.wit meta.param-list.wit meta.named-type-list.wit variable.parameter.id.named-type.wit
#             ^ source.wit meta.interface-item.wit meta.func-item.wit meta.function.wit meta.param-list.wit meta.named-type-list.wit keyword.operator.key-value.wit
#              ^ source.wit meta.interface-item.wit meta.func-item.wit meta.function.wit meta.param-list.wit meta.named-type-list.wit meta.whitespace.wit
#               ^^^^^^^^^^^^^^^ source.wit meta.interface-item.wit meta.func-item.wit meta.function.wit meta.param-list.wit meta.named-type-list.wit entity.name.type.id.wit
#                              ^ source.wit meta.interface-item.wit meta.func-item.wit meta.function.wit meta.param-list.wit punctuation.brackets.round.end.wit
>  %function-with-dashes: func()
#^^ source.wit meta.interface-item.wit meta.whitespace.wit
#  ^ source.wit meta.interface-item.wit
#   ^^^^^^^^ source.wit meta.interface-item.wit meta.func-item.wit entity.name.function.id.func-item.wit meta.word.wit
#           ^^^^^ source.wit meta.interface-item.wit meta.func-item.wit entity.name.function.id.func-item.wit
#                ^ source.wit meta.interface-item.wit meta.func-item.wit entity.name.function.id.func-item.wit meta.word-separator.wit
#                 ^^^^^^ source.wit meta.interface-item.wit meta.func-item.wit entity.name.function.id.func-item.wit meta.word.wit
#                       ^ source.wit meta.interface-item.wit meta.func-item.wit keyword.operator.key-value.wit
#                        ^ source.wit meta.interface-item.wit meta.func-item.wit meta.whitespace.wit
#                         ^^^^ source.wit meta.interface-item.wit meta.func-item.wit meta.function.wit keyword.other.func.func-type.wit
#                             ^ source.wit meta.interface-item.wit meta.func-item.wit meta.function.wit meta.param-list.wit punctuation.brackets.round.begin.wit
#                              ^ source.wit meta.interface-item.wit meta.func-item.wit meta.function.wit meta.param-list.wit punctuation.brackets.round.end.wit
>  %function-with-no-weird-characters: func()
#^^ source.wit meta.interface-item.wit meta.whitespace.wit
#  ^ source.wit meta.interface-item.wit
#   ^^^^^^^^ source.wit meta.interface-item.wit meta.func-item.wit entity.name.function.id.func-item.wit meta.word.wit
#           ^^^^^^^^^^^^^^ source.wit meta.interface-item.wit meta.func-item.wit entity.name.function.id.func-item.wit
#                         ^ source.wit meta.interface-item.wit meta.func-item.wit entity.name.function.id.func-item.wit meta.word-separator.wit
#                          ^^^^^^^^^^ source.wit meta.interface-item.wit meta.func-item.wit entity.name.function.id.func-item.wit meta.word.wit
#                                    ^ source.wit meta.interface-item.wit meta.func-item.wit keyword.operator.key-value.wit
#                                     ^ source.wit meta.interface-item.wit meta.func-item.wit meta.whitespace.wit
#                                      ^^^^ source.wit meta.interface-item.wit meta.func-item.wit meta.function.wit keyword.other.func.func-type.wit
#                                          ^ source.wit meta.interface-item.wit meta.func-item.wit meta.function.wit meta.param-list.wit punctuation.brackets.round.begin.wit
#                                           ^ source.wit meta.interface-item.wit meta.func-item.wit meta.function.wit meta.param-list.wit punctuation.brackets.round.end.wit
>
>  apple: func()
#^^ source.wit meta.interface-item.wit meta.whitespace.wit
#  ^^^^^ source.wit meta.interface-item.wit meta.func-item.wit entity.name.function.id.func-item.wit meta.word.wit
#       ^ source.wit meta.interface-item.wit meta.func-item.wit keyword.operator.key-value.wit
#        ^ source.wit meta.interface-item.wit meta.func-item.wit meta.whitespace.wit
#         ^^^^ source.wit meta.interface-item.wit meta.func-item.wit meta.function.wit keyword.other.func.func-type.wit
#             ^ source.wit meta.interface-item.wit meta.func-item.wit meta.function.wit meta.param-list.wit punctuation.brackets.round.begin.wit
#              ^ source.wit meta.interface-item.wit meta.func-item.wit meta.function.wit meta.param-list.wit punctuation.brackets.round.end.wit
>  apple-pear: func()
#^^ source.wit meta.interface-item.wit meta.whitespace.wit
#  ^^^^^ source.wit meta.interface-item.wit meta.func-item.wit entity.name.function.id.func-item.wit meta.word.wit
#       ^ source.wit meta.interface-item.wit meta.func-item.wit entity.name.function.id.func-item.wit meta.word-separator.wit
#        ^^^^ source.wit meta.interface-item.wit meta.func-item.wit entity.name.function.id.func-item.wit meta.word.wit
#            ^ source.wit meta.interface-item.wit meta.func-item.wit keyword.operator.key-value.wit
#             ^ source.wit meta.interface-item.wit meta.func-item.wit meta.whitespace.wit
#              ^^^^ source.wit meta.interface-item.wit meta.func-item.wit meta.function.wit keyword.other.func.func-type.wit
#                  ^ source.wit meta.interface-item.wit meta.func-item.wit meta.function.wit meta.param-list.wit punctuation.brackets.round.begin.wit
#                   ^ source.wit meta.interface-item.wit meta.func-item.wit meta.function.wit meta.param-list.wit punctuation.brackets.round.end.wit
>  apple-pear-grape: func()
#^^ source.wit meta.interface-item.wit meta.whitespace.wit
#  ^^^^^ source.wit meta.interface-item.wit meta.func-item.wit entity.name.function.id.func-item.wit meta.word.wit
#       ^^^^^ source.wit meta.interface-item.wit meta.func-item.wit entity.name.function.id.func-item.wit
#            ^ source.wit meta.interface-item.wit meta.func-item.wit entity.name.function.id.func-item.wit meta.word-separator.wit
#             ^^^^^ source.wit meta.interface-item.wit meta.func-item.wit entity.name.function.id.func-item.wit meta.word.wit
#                  ^ source.wit meta.interface-item.wit meta.func-item.wit keyword.operator.key-value.wit
#                   ^ source.wit meta.interface-item.wit meta.func-item.wit meta.whitespace.wit
#                    ^^^^ source.wit meta.interface-item.wit meta.func-item.wit meta.function.wit keyword.other.func.func-type.wit
#                        ^ source.wit meta.interface-item.wit meta.func-item.wit meta.function.wit meta.param-list.wit punctuation.brackets.round.begin.wit
#                         ^ source.wit meta.interface-item.wit meta.func-item.wit meta.function.wit meta.param-list.wit punctuation.brackets.round.end.wit
>  a0: func()
#^^ source.wit meta.interface-item.wit meta.whitespace.wit
#  ^^ source.wit meta.interface-item.wit meta.func-item.wit entity.name.function.id.func-item.wit meta.word.wit
#    ^ source.wit meta.interface-item.wit meta.func-item.wit keyword.operator.key-value.wit
#     ^ source.wit meta.interface-item.wit meta.func-item.wit meta.whitespace.wit
#      ^^^^ source.wit meta.interface-item.wit meta.func-item.wit meta.function.wit keyword.other.func.func-type.wit
#          ^ source.wit meta.interface-item.wit meta.func-item.wit meta.function.wit meta.param-list.wit punctuation.brackets.round.begin.wit
#           ^ source.wit meta.interface-item.wit meta.func-item.wit meta.function.wit meta.param-list.wit punctuation.brackets.round.end.wit
>
>  // Comment out identifiers that collide when mapped to snake_case, for now; see
#^^^^^^^^^^^^^^^^^^^^^^^^^^^^^^^^^^^^^^^^^^^^^^^^^^^^^^^^^^^^^^^^^^^^^^^^^^^^^^^^^ source.wit meta.interface-item.wit comment.line.double-slash.wit
>  // https://github.com/WebAssembly/component-model/issues/118
#^^^^^^^^^^^^^^^^^^^^^^^^^^^^^^^^^^^^^^^^^^^^^^^^^^^^^^^^^^^^^^ source.wit meta.interface-item.wit comment.line.double-slash.wit
>  //APPLE: func()
#^^^^^^^^^^^^^^^^^ source.wit meta.interface-item.wit comment.line.double-slash.wit
>  //APPLE-pear-GRAPE: func()
#^^^^^^^^^^^^^^^^^^^^^^^^^^^^ source.wit meta.interface-item.wit comment.line.double-slash.wit
>  //apple-PEAR-grape: func()
#^^^^^^^^^^^^^^^^^^^^^^^^^^^^ source.wit meta.interface-item.wit comment.line.double-slash.wit
>
>  is-XML: func()
#^^ source.wit meta.interface-item.wit meta.whitespace.wit
#  ^^ source.wit meta.interface-item.wit meta.func-item.wit entity.name.function.id.func-item.wit meta.word.wit
#    ^ source.wit meta.interface-item.wit meta.func-item.wit entity.name.function.id.func-item.wit meta.word-separator.wit
#     ^^^ source.wit meta.interface-item.wit meta.func-item.wit entity.name.function.id.func-item.wit meta.word.wit
#        ^ source.wit meta.interface-item.wit meta.func-item.wit keyword.operator.key-value.wit
#         ^ source.wit meta.interface-item.wit meta.func-item.wit meta.whitespace.wit
#          ^^^^ source.wit meta.interface-item.wit meta.func-item.wit meta.function.wit keyword.other.func.func-type.wit
#              ^ source.wit meta.interface-item.wit meta.func-item.wit meta.function.wit meta.param-list.wit punctuation.brackets.round.begin.wit
#               ^ source.wit meta.interface-item.wit meta.func-item.wit meta.function.wit meta.param-list.wit punctuation.brackets.round.end.wit
>
>  %explicit: func()
#^^ source.wit meta.interface-item.wit meta.whitespace.wit
#  ^ source.wit meta.interface-item.wit
#   ^^^^^^^^ source.wit meta.interface-item.wit meta.func-item.wit entity.name.function.id.func-item.wit meta.word.wit
#           ^ source.wit meta.interface-item.wit meta.func-item.wit keyword.operator.key-value.wit
#            ^ source.wit meta.interface-item.wit meta.func-item.wit meta.whitespace.wit
#             ^^^^ source.wit meta.interface-item.wit meta.func-item.wit meta.function.wit keyword.other.func.func-type.wit
#                 ^ source.wit meta.interface-item.wit meta.func-item.wit meta.function.wit meta.param-list.wit punctuation.brackets.round.begin.wit
#                  ^ source.wit meta.interface-item.wit meta.func-item.wit meta.function.wit meta.param-list.wit punctuation.brackets.round.end.wit
>  %explicit-kebab: func()
#^^ source.wit meta.interface-item.wit meta.whitespace.wit
#  ^ source.wit meta.interface-item.wit
#   ^^^^^^^^ source.wit meta.interface-item.wit meta.func-item.wit entity.name.function.id.func-item.wit meta.word.wit
#           ^ source.wit meta.interface-item.wit meta.func-item.wit entity.name.function.id.func-item.wit meta.word-separator.wit
#            ^^^^^ source.wit meta.interface-item.wit meta.func-item.wit entity.name.function.id.func-item.wit meta.word.wit
#                 ^ source.wit meta.interface-item.wit meta.func-item.wit keyword.operator.key-value.wit
#                  ^ source.wit meta.interface-item.wit meta.func-item.wit meta.whitespace.wit
#                   ^^^^ source.wit meta.interface-item.wit meta.func-item.wit meta.function.wit keyword.other.func.func-type.wit
#                       ^ source.wit meta.interface-item.wit meta.func-item.wit meta.function.wit meta.param-list.wit punctuation.brackets.round.begin.wit
#                        ^ source.wit meta.interface-item.wit meta.func-item.wit meta.function.wit meta.param-list.wit punctuation.brackets.round.end.wit
>
>  // Identifiers with the same name as keywords are quoted.
#^^^^^^^^^^^^^^^^^^^^^^^^^^^^^^^^^^^^^^^^^^^^^^^^^^^^^^^^^^^ source.wit meta.interface-item.wit comment.line.double-slash.wit
>  %bool: func()
#^^ source.wit meta.interface-item.wit meta.whitespace.wit
#  ^ source.wit meta.interface-item.wit
#   ^^^^ source.wit meta.interface-item.wit meta.func-item.wit entity.name.function.id.func-item.wit meta.word.wit
#       ^ source.wit meta.interface-item.wit meta.func-item.wit keyword.operator.key-value.wit
#        ^ source.wit meta.interface-item.wit meta.func-item.wit meta.whitespace.wit
#         ^^^^ source.wit meta.interface-item.wit meta.func-item.wit meta.function.wit keyword.other.func.func-type.wit
#             ^ source.wit meta.interface-item.wit meta.func-item.wit meta.function.wit meta.param-list.wit punctuation.brackets.round.begin.wit
#              ^ source.wit meta.interface-item.wit meta.func-item.wit meta.function.wit meta.param-list.wit punctuation.brackets.round.end.wit
>}
#^ source.wit meta.interface-item.wit punctuation.brackets.curly.end.wit
>
>world the-world {
#^^^^^ source.wit meta.world-item.wit keyword.declaration.world.world-item.wit storage.type.wit
#     ^ source.wit meta.world-item.wit
#      ^^^^^^^^^ source.wit meta.world-item.wit entity.name.type.id.world-item.wit
#               ^ source.wit meta.world-item.wit
#                ^ source.wit meta.world-item.wit punctuation.brackets.curly.begin.wit
>  import conventions
#^^ source.wit meta.world-item.wit meta.whitespace.wit
#  ^^^^^^ source.wit meta.world-item.wit meta.import-item.wit keyword.control.import.import-item.wit
#        ^ source.wit meta.world-item.wit meta.import-item.wit
#         ^^^^^^^^^^^ source.wit meta.world-item.wit meta.import-item.wit meta.id.import-item.wit variable.other.id.import-item.wit
>  export conventions
#^^ source.wit meta.world-item.wit meta.whitespace.wit
#  ^^^^^^ source.wit meta.world-item.wit meta.export-item.wit keyword.control.export.export-item.wit
#        ^ source.wit meta.world-item.wit meta.export-item.wit
#         ^^^^^^^^^^^ source.wit meta.world-item.wit meta.export-item.wit meta.id.export-item.wit variable.other.constant.id.export-item.wit
>}
#^ source.wit meta.world-item.wit punctuation.brackets.curly.end.wit
>