>package foo:foo;
#^^^^^^^ source.wit meta.package-decl.wit storage.modifier.package-decl.wit
#       ^ source.wit meta.package-decl.wit
#        ^^^ source.wit meta.package-decl.wit meta.id.package-decl.wit meta.package-identifier.wit entity.name.namespace.package-identifier.wit entity.name.type.id.wit
#           ^ source.wit meta.package-decl.wit meta.id.package-decl.wit meta.package-identifier.wit keyword.operator.namespace.package-identifier.wit
#            ^^^ source.wit meta.package-decl.wit meta.id.package-decl.wit meta.package-identifier.wit entity.name.type.package-identifier.wit entity.name.type.id.wit
#               ^ source.wit meta.package-decl.wit meta.id.package-decl.wit meta.package-identifier.wit entity.name.type.package-identifier.wit
>
>world go-params {
#^^^^^ source.wit meta.world-item.wit keyword.declaration.world.world-item.wit storage.type.wit
#     ^ source.wit meta.world-item.wit
#      ^^^^^^^^^ source.wit meta.world-item.wit entity.name.type.id.world-item.wit
#               ^ source.wit meta.world-item.wit
#                ^ source.wit meta.world-item.wit punctuation.brackets.curly.begin.wit
>  import error-code: func(err: u32) -> option<u32>;
#^^ source.wit meta.world-item.wit meta.whitespace.wit
#  ^^^^^^ source.wit meta.world-item.wit meta.import-item.wit keyword.control.import.import-item.wit
#        ^ source.wit meta.world-item.wit meta.import-item.wit
#         ^^^^^^^^^^ source.wit meta.world-item.wit meta.import-item.wit meta.id.import-item.wit variable.other.id.import-item.wit
#                   ^ source.wit meta.world-item.wit meta.import-item.wit meta.id.import-item.wit
#                    ^ source.wit meta.world-item.wit meta.import-item.wit meta.whitespace.wit
#                     ^^^^ source.wit meta.world-item.wit meta.import-item.wit meta.function.wit keyword.other.func.func-type.wit
#                         ^ source.wit meta.world-item.wit meta.import-item.wit meta.function.wit meta.param-list.wit punctuation.brackets.round.begin.wit
#                          ^^^ source.wit meta.world-item.wit meta.import-item.wit meta.function.wit meta.param-list.wit meta.named-type-list.wit variable.parameter.id.named-type.wit
#                             ^ source.wit meta.world-item.wit meta.import-item.wit meta.function.wit meta.param-list.wit meta.named-type-list.wit keyword.operator.key-value.wit
#                              ^ source.wit meta.world-item.wit meta.import-item.wit meta.function.wit meta.param-list.wit meta.named-type-list.wit meta.whitespace.wit
#                               ^^^ source.wit meta.world-item.wit meta.import-item.wit meta.function.wit meta.param-list.wit meta.named-type-list.wit entity.name.type.numeric.wit
#                                  ^ source.wit meta.world-item.wit meta.import-item.wit meta.function.wit meta.param-list.wit punctuation.brackets.round.end.wit
#                                   ^ source.wit meta.world-item.wit meta.import-item.wit meta.function.wit meta.whitespace.wit
#                                    ^^ source.wit meta.world-item.wit meta.import-item.wit meta.function.wit meta.result-list.wit keyword.operator.arrow.skinny.wit
#                                      ^ source.wit meta.world-item.wit meta.import-item.wit meta.function.wit meta.result-list.wit meta.whitespace.wit
#                                       ^^^^^^ source.wit meta.world-item.wit meta.import-item.wit meta.function.wit meta.result-list.wit meta.option.ty.wit entity.name.type.option.wit
#                                             ^ source.wit meta.world-item.wit meta.import-item.wit meta.function.wit meta.result-list.wit meta.option.ty.wit punctuation.brackets.angle.begin.wit
#                                              ^^^ source.wit meta.world-item.wit meta.import-item.wit meta.function.wit meta.result-list.wit meta.option.ty.wit entity.name.type.numeric.wit
#                                                 ^ source.wit meta.world-item.wit meta.import-item.wit meta.function.wit meta.result-list.wit meta.option.ty.wit punctuation.brackets.angle.end.wit
#                                                  ^ source.wit meta.world-item.wit meta.import-item.wit meta.function.wit meta.result-list.wit
>  import error-code2: func(ret: u32) -> option<u32>;
#^^ source.wit meta.world-item.wit meta.whitespace.wit
#  ^^^^^^ source.wit meta.world-item.wit meta.import-item.wit keyword.control.import.import-item.wit
#        ^ source.wit meta.world-item.wit meta.import-item.wit
#         ^^^^^^^^^^^ source.wit meta.world-item.wit meta.import-item.wit meta.id.import-item.wit variable.other.id.import-item.wit
#                    ^ source.wit meta.world-item.wit meta.import-item.wit meta.id.import-item.wit
#                     ^ source.wit meta.world-item.wit meta.import-item.wit meta.whitespace.wit
#                      ^^^^ source.wit meta.world-item.wit meta.import-item.wit meta.function.wit keyword.other.func.func-type.wit
#                          ^ source.wit meta.world-item.wit meta.import-item.wit meta.function.wit meta.param-list.wit punctuation.brackets.round.begin.wit
#                           ^^^ source.wit meta.world-item.wit meta.import-item.wit meta.function.wit meta.param-list.wit meta.named-type-list.wit variable.parameter.id.named-type.wit
#                              ^ source.wit meta.world-item.wit meta.import-item.wit meta.function.wit meta.param-list.wit meta.named-type-list.wit keyword.operator.key-value.wit
#                               ^ source.wit meta.world-item.wit meta.import-item.wit meta.function.wit meta.param-list.wit meta.named-type-list.wit meta.whitespace.wit
#                                ^^^ source.wit meta.world-item.wit meta.import-item.wit meta.function.wit meta.param-list.wit meta.named-type-list.wit entity.name.type.numeric.wit
#                                   ^ source.wit meta.world-item.wit meta.import-item.wit meta.function.wit meta.param-list.wit punctuation.brackets.round.end.wit
#                                    ^ source.wit meta.world-item.wit meta.import-item.wit meta.function.wit meta.whitespace.wit
#                                     ^^ source.wit meta.world-item.wit meta.import-item.wit meta.function.wit meta.result-list.wit keyword.operator.arrow.skinny.wit
#                                       ^ source.wit meta.world-item.wit meta.import-item.wit meta.function.wit meta.result-list.wit meta.whitespace.wit
#                                        ^^^^^^ source.wit meta.world-item.wit meta.import-item.wit meta.function.wit meta.result-list.wit meta.option.ty.wit entity.name.type.option.wit
#                                              ^ source.wit meta.world-item.wit meta.import-item.wit meta.function.wit meta.result-list.wit meta.option.ty.wit punctuation.brackets.angle.begin.wit
#                                               ^^^ source.wit meta.world-item.wit meta.import-item.wit meta.function.wit meta.result-list.wit meta.option.ty.wit entity.name.type.numeric.wit
#                                                  ^ source.wit meta.world-item.wit meta.import-item.wit meta.function.wit meta.result-list.wit meta.option.ty.wit punctuation.brackets.angle.end.wit
#                                                   ^ source.wit meta.world-item.wit meta.import-item.wit meta.function.wit meta.result-list.wit
>  import error-code3: func(err: u32, ret: option<u32>) -> result<u32>;
#^^ source.wit meta.world-item.wit meta.whitespace.wit
#  ^^^^^^ source.wit meta.world-item.wit meta.import-item.wit keyword.control.import.import-item.wit
#        ^ source.wit meta.world-item.wit meta.import-item.wit
#         ^^^^^^^^^^^ source.wit meta.world-item.wit meta.import-item.wit meta.id.import-item.wit variable.other.id.import-item.wit
#                    ^ source.wit meta.world-item.wit meta.import-item.wit meta.id.import-item.wit
#                     ^ source.wit meta.world-item.wit meta.import-item.wit meta.whitespace.wit
#                      ^^^^ source.wit meta.world-item.wit meta.import-item.wit meta.function.wit keyword.other.func.func-type.wit
#                          ^ source.wit meta.world-item.wit meta.import-item.wit meta.function.wit meta.param-list.wit punctuation.brackets.round.begin.wit
#                           ^^^ source.wit meta.world-item.wit meta.import-item.wit meta.function.wit meta.param-list.wit meta.named-type-list.wit variable.parameter.id.named-type.wit
#                              ^ source.wit meta.world-item.wit meta.import-item.wit meta.function.wit meta.param-list.wit meta.named-type-list.wit keyword.operator.key-value.wit
#                               ^ source.wit meta.world-item.wit meta.import-item.wit meta.function.wit meta.param-list.wit meta.named-type-list.wit meta.whitespace.wit
#                                ^^^ source.wit meta.world-item.wit meta.import-item.wit meta.function.wit meta.param-list.wit meta.named-type-list.wit entity.name.type.numeric.wit
#                                   ^ source.wit meta.world-item.wit meta.import-item.wit meta.function.wit meta.param-list.wit meta.named-type-list.wit punctuation.comma.wit
#                                    ^ source.wit meta.world-item.wit meta.import-item.wit meta.function.wit meta.param-list.wit meta.whitespace.wit
#                                     ^^^ source.wit meta.world-item.wit meta.import-item.wit meta.function.wit meta.param-list.wit meta.named-type-list.wit variable.parameter.id.named-type.wit
#                                        ^ source.wit meta.world-item.wit meta.import-item.wit meta.function.wit meta.param-list.wit meta.named-type-list.wit keyword.operator.key-value.wit
#                                         ^ source.wit meta.world-item.wit meta.import-item.wit meta.function.wit meta.param-list.wit meta.named-type-list.wit meta.whitespace.wit
#                                          ^^^^^^ source.wit meta.world-item.wit meta.import-item.wit meta.function.wit meta.param-list.wit meta.named-type-list.wit meta.option.ty.wit entity.name.type.option.wit
#                                                ^ source.wit meta.world-item.wit meta.import-item.wit meta.function.wit meta.param-list.wit meta.named-type-list.wit meta.option.ty.wit punctuation.brackets.angle.begin.wit
#                                                 ^^^ source.wit meta.world-item.wit meta.import-item.wit meta.function.wit meta.param-list.wit meta.named-type-list.wit meta.option.ty.wit entity.name.type.numeric.wit
#                                                    ^ source.wit meta.world-item.wit meta.import-item.wit meta.function.wit meta.param-list.wit meta.named-type-list.wit meta.option.ty.wit punctuation.brackets.angle.end.wit
#                                                     ^ source.wit meta.world-item.wit meta.import-item.wit meta.function.wit meta.param-list.wit punctuation.brackets.round.end.wit
#                                                      ^ source.wit meta.world-item.wit meta.import-item.wit meta.function.wit meta.whitespace.wit
#                                                       ^^ source.wit meta.world-item.wit meta.import-item.wit meta.function.wit meta.result-list.wit keyword.operator.arrow.skinny.wit
#                                                         ^ source.wit meta.world-item.wit meta.import-item.wit meta.function.wit meta.result-list.wit meta.whitespace.wit
#                                                          ^^^^^^ source.wit meta.world-item.wit meta.import-item.wit meta.function.wit meta.result-list.wit meta.result.ty.wit entity.name.type.result.wit
#                                                                ^ source.wit meta.world-item.wit meta.import-item.wit meta.function.wit meta.result-list.wit meta.result.ty.wit punctuation.brackets.angle.begin.wit
#                                                                 ^^^ source.wit meta.world-item.wit meta.import-item.wit meta.function.wit meta.result-list.wit meta.result.ty.wit entity.name.type.numeric.wit
#                                                                    ^ source.wit meta.world-item.wit meta.import-item.wit meta.function.wit meta.result-list.wit meta.result.ty.wit punctuation.brackets.angle.end.wit
#                                                                     ^ source.wit meta.world-item.wit meta.import-item.wit meta.function.wit meta.result-list.wit
>  import error-code4: func() -> result<u32>;
#^^ source.wit meta.world-item.wit meta.whitespace.wit
#  ^^^^^^ source.wit meta.world-item.wit meta.import-item.wit keyword.control.import.import-item.wit
#        ^ source.wit meta.world-item.wit meta.import-item.wit
#         ^^^^^^^^^^^ source.wit meta.world-item.wit meta.import-item.wit meta.id.import-item.wit variable.other.id.import-item.wit
#                    ^ source.wit meta.world-item.wit meta.import-item.wit meta.id.import-item.wit
#                     ^ source.wit meta.world-item.wit meta.import-item.wit meta.whitespace.wit
#                      ^^^^ source.wit meta.world-item.wit meta.import-item.wit meta.function.wit keyword.other.func.func-type.wit
#                          ^ source.wit meta.world-item.wit meta.import-item.wit meta.function.wit meta.param-list.wit punctuation.brackets.round.begin.wit
#                           ^ source.wit meta.world-item.wit meta.import-item.wit meta.function.wit meta.param-list.wit punctuation.brackets.round.end.wit
#                            ^ source.wit meta.world-item.wit meta.import-item.wit meta.function.wit meta.whitespace.wit
#                             ^^ source.wit meta.world-item.wit meta.import-item.wit meta.function.wit meta.result-list.wit keyword.operator.arrow.skinny.wit
#                               ^ source.wit meta.world-item.wit meta.import-item.wit meta.function.wit meta.result-list.wit meta.whitespace.wit
#                                ^^^^^^ source.wit meta.world-item.wit meta.import-item.wit meta.function.wit meta.result-list.wit meta.result.ty.wit entity.name.type.result.wit
#                                      ^ source.wit meta.world-item.wit meta.import-item.wit meta.function.wit meta.result-list.wit meta.result.ty.wit punctuation.brackets.angle.begin.wit
#                                       ^^^ source.wit meta.world-item.wit meta.import-item.wit meta.function.wit meta.result-list.wit meta.result.ty.wit entity.name.type.numeric.wit
#                                          ^ source.wit meta.world-item.wit meta.import-item.wit meta.function.wit meta.result-list.wit meta.result.ty.wit punctuation.brackets.angle.end.wit
#                                           ^ source.wit meta.world-item.wit meta.import-item.wit meta.function.wit meta.result-list.wit
>}
#^ source.wit meta.world-item.wit punctuation.brackets.curly.end.wit
>