>package green:blue;
#^^^^^^^ source.wit meta.package-decl.wit storage.modifier.package-decl.wit
#       ^ source.wit meta.package-decl.wit
#        ^^^^^ source.wit meta.package-decl.wit meta.id.package-decl.wit meta.package-identifier.wit entity.name.namespace.package-identifier.wit entity.name.type.id.wit
#             ^ source.wit meta.package-decl.wit meta.id.package-decl.wit meta.package-identifier.wit keyword.operator.namespace.package-identifier.wit
#              ^^^^ source.wit meta.package-decl.wit meta.id.package-decl.wit meta.package-identifier.wit entity.name.type.package-identifier.wit entity.name.type.id.wit
#                  ^ source.wit meta.package-decl.wit meta.id.package-decl.wit meta.package-identifier.wit entity.name.type.package-identifier.wit
>
>world my-world {
#^^^^^ source.wit meta.world-item.wit keyword.declaration.world.world-item.wit storage.type.wit
#     ^ source.wit meta.world-item.wit
#      ^^^^^^^^ source.wit meta.world-item.wit entity.name.type.id.world-item.wit
#              ^ source.wit meta.world-item.wit
#               ^ source.wit meta.world-item.wit punctuation.brackets.curly.begin.wit
>  import purple: func();
#^^ source.wit meta.world-item.wit meta.whitespace.wit
#  ^^^^^^ source.wit meta.world-item.wit meta.import-item.wit keyword.control.import.import-item.wit
#        ^ source.wit meta.world-item.wit meta.import-item.wit
#         ^^^^^^ source.wit meta.world-item.wit meta.import-item.wit meta.id.import-item.wit variable.other.id.import-item.wit
#               ^ source.wit meta.world-item.wit meta.import-item.wit meta.id.import-item.wit
#                ^ source.wit meta.world-item.wit meta.import-item.wit meta.whitespace.wit
#                 ^^^^ source.wit meta.world-item.wit meta.import-item.wit meta.function.wit keyword.other.func.func-type.wit
#                     ^ source.wit meta.world-item.wit meta.import-item.wit meta.function.wit meta.param-list.wit punctuation.brackets.round.begin.wit
#                      ^ source.wit meta.world-item.wit meta.import-item.wit meta.function.wit meta.param-list.wit punctuation.brackets.round.end.wit
#                       ^ source.wit meta.world-item.wit meta.import-item.wit meta.function.wit
>  export purple: func();
#^^ source.wit meta.world-item.wit meta.whitespace.wit
#  ^^^^^^ source.wit meta.world-item.wit meta.export-item.wit keyword.control.export.export-item.wit
#        ^ source.wit meta.world-item.wit meta.export-item.wit
#         ^^^^^^ source.wit meta.world-item.wit meta.export-item.wit meta.id.export-item.wit variable.other.constant.id.export-item.wit
#               ^ source.wit meta.world-item.wit meta.export-item.wit meta.id.export-item.wit
#                ^ source.wit meta.world-item.wit meta.export-item.wit meta.whitespace.wit
#                 ^^^^ source.wit meta.world-item.wit meta.export-item.wit meta.function.wit keyword.other.func.func-type.wit
#                     ^ source.wit meta.world-item.wit meta.export-item.wit meta.function.wit meta.param-list.wit punctuation.brackets.round.begin.wit
#                      ^ source.wit meta.world-item.wit meta.export-item.wit meta.function.wit meta.param-list.wit punctuation.brackets.round.end.wit
#                       ^ source.wit meta.world-item.wit meta.export-item.wit meta.function.wit
>}
#^ source.wit meta.world-item.wit punctuation.brackets.curly.end.wit
>