>package foo:foo
#^^^^^^^ source.wit meta.package-decl.wit storage.modifier.package-decl.wit
#       ^ source.wit meta.package-decl.wit
#        ^^^ source.wit meta.package-decl.wit meta.id.package-decl.wit meta.package-identifier.wit entity.name.namespace.package-identifier.wit entity.name.type.id.wit
#           ^ source.wit meta.package-decl.wit meta.id.package-decl.wit meta.package-identifier.wit keyword.operator.namespace.package-identifier.wit
#            ^^^ source.wit meta.package-decl.wit meta.id.package-decl.wit meta.package-identifier.wit entity.name.type.package-identifier.wit entity.name.type.id.wit
>world foo {
#^^^^^ source.wit meta.world-item.wit keyword.declaration.world.world-item.wit storage.type.wit
#     ^ source.wit meta.world-item.wit
#      ^^^ source.wit meta.world-item.wit entity.name.type.id.world-item.wit
#         ^ source.wit meta.world-item.wit
#          ^ source.wit meta.world-item.wit punctuation.brackets.curly.begin.wit
>  export generate: func(name: string, wit: list<u8>) -> result<list<tuple<string, list<u8>>>, string>
#^^ source.wit meta.world-item.wit meta.export-item.wit
#  ^^^^^^ source.wit meta.world-item.wit meta.export-item.wit keyword.control.export.export-item.wit
#        ^ source.wit meta.world-item.wit meta.export-item.wit
#         ^^^^^^^^ source.wit meta.world-item.wit meta.export-item.wit meta.id.export-item.wit variable.other.constant.id.export-item.wit
#                 ^ source.wit meta.world-item.wit meta.export-item.wit meta.id.export-item.wit
#                  ^ source.wit meta.world-item.wit meta.export-item.wit
#                   ^^^^ source.wit meta.world-item.wit meta.export-item.wit meta.function.wit keyword.other.func.func-type.wit
#                       ^ source.wit meta.world-item.wit meta.export-item.wit meta.function.wit punctuation.brackets.round.begin.wit
#                        ^^^^ source.wit meta.world-item.wit meta.export-item.wit meta.function.wit meta.named-type-list.wit variable.parameter.id.named-type.wit
#                            ^ source.wit meta.world-item.wit meta.export-item.wit meta.function.wit meta.named-type-list.wit keyword.operator.key-value.wit
#                             ^ source.wit meta.world-item.wit meta.export-item.wit meta.function.wit meta.named-type-list.wit
#                              ^^^^^^ source.wit meta.world-item.wit meta.export-item.wit meta.function.wit meta.named-type-list.wit entity.name.type.string.wit
#                                    ^ source.wit meta.world-item.wit meta.export-item.wit meta.function.wit meta.named-type-list.wit punctuation.comma.wit
#                                     ^ source.wit meta.world-item.wit meta.export-item.wit meta.function.wit meta.named-type-list.wit
#                                      ^^^ source.wit meta.world-item.wit meta.export-item.wit meta.function.wit meta.named-type-list.wit variable.parameter.id.named-type.wit
#                                         ^ source.wit meta.world-item.wit meta.export-item.wit meta.function.wit meta.named-type-list.wit keyword.operator.key-value.wit
#                                          ^ source.wit meta.world-item.wit meta.export-item.wit meta.function.wit meta.named-type-list.wit
#                                           ^^^^ source.wit meta.world-item.wit meta.export-item.wit meta.function.wit meta.named-type-list.wit meta.list.ty.wit entity.name.type.list.wit
#                                               ^ source.wit meta.world-item.wit meta.export-item.wit meta.function.wit meta.named-type-list.wit meta.list.ty.wit punctuation.brackets.angle.begin.wit
#                                                ^^ source.wit meta.world-item.wit meta.export-item.wit meta.function.wit meta.named-type-list.wit meta.list.ty.wit entity.name.type.numeric.wit
#                                                  ^ source.wit meta.world-item.wit meta.export-item.wit meta.function.wit meta.named-type-list.wit meta.list.ty.wit punctuation.brackets.angle.end.wit
#                                                   ^ source.wit meta.world-item.wit meta.export-item.wit meta.function.wit punctuation.brackets.round.end.wit
#                                                    ^ source.wit meta.world-item.wit meta.export-item.wit meta.function.wit
#                                                     ^^ source.wit meta.world-item.wit meta.export-item.wit meta.function.wit meta.result-list.wit keyword.operator.arrow.skinny.wit
#                                                       ^ source.wit meta.world-item.wit meta.export-item.wit meta.function.wit meta.types.result-list.wit meta.result.ty.wit
#                                                        ^^^^^^ source.wit meta.world-item.wit meta.export-item.wit meta.function.wit meta.types.result-list.wit meta.result.ty.wit entity.name.type.result.wit
#                                                              ^ source.wit meta.world-item.wit meta.export-item.wit meta.function.wit meta.types.result-list.wit meta.result.ty.wit punctuation.brackets.angle.begin.wit
#                                                               ^^^^ source.wit meta.world-item.wit meta.export-item.wit meta.function.wit meta.types.result-list.wit meta.result.ty.wit meta.list.ty.wit entity.name.type.list.wit
#                                                                   ^ source.wit meta.world-item.wit meta.export-item.wit meta.function.wit meta.types.result-list.wit meta.result.ty.wit meta.list.ty.wit punctuation.brackets.angle.begin.wit
#                                                                    ^^^^^ source.wit meta.world-item.wit meta.export-item.wit meta.function.wit meta.types.result-list.wit meta.result.ty.wit meta.list.ty.wit meta.tuple.ty.wit entity.name.type.tuple.wit
#                                                                         ^ source.wit meta.world-item.wit meta.export-item.wit meta.function.wit meta.types.result-list.wit meta.result.ty.wit meta.list.ty.wit meta.tuple.ty.wit punctuation.brackets.angle.begin.wit
#                                                                          ^^^^^^ source.wit meta.world-item.wit meta.export-item.wit meta.function.wit meta.types.result-list.wit meta.result.ty.wit meta.list.ty.wit meta.tuple.ty.wit entity.name.type.string.wit
#                                                                                ^ source.wit meta.world-item.wit meta.export-item.wit meta.function.wit meta.types.result-list.wit meta.result.ty.wit meta.list.ty.wit meta.tuple.ty.wit punctuation.comma.wit
#                                                                                 ^ source.wit meta.world-item.wit meta.export-item.wit meta.function.wit meta.types.result-list.wit meta.result.ty.wit meta.list.ty.wit meta.tuple.ty.wit meta.list.ty.wit
#                                                                                  ^^^^ source.wit meta.world-item.wit meta.export-item.wit meta.function.wit meta.types.result-list.wit meta.result.ty.wit meta.list.ty.wit meta.tuple.ty.wit meta.list.ty.wit entity.name.type.list.wit
#                                                                                      ^ source.wit meta.world-item.wit meta.export-item.wit meta.function.wit meta.types.result-list.wit meta.result.ty.wit meta.list.ty.wit meta.tuple.ty.wit meta.list.ty.wit punctuation.brackets.angle.begin.wit
#                                                                                       ^^ source.wit meta.world-item.wit meta.export-item.wit meta.function.wit meta.types.result-list.wit meta.result.ty.wit meta.list.ty.wit meta.tuple.ty.wit meta.list.ty.wit entity.name.type.numeric.wit
#                                                                                         ^ source.wit meta.world-item.wit meta.export-item.wit meta.function.wit meta.types.result-list.wit meta.result.ty.wit meta.list.ty.wit meta.tuple.ty.wit meta.list.ty.wit punctuation.brackets.angle.end.wit
#                                                                                          ^ source.wit meta.world-item.wit meta.export-item.wit meta.function.wit meta.types.result-list.wit meta.result.ty.wit meta.list.ty.wit meta.tuple.ty.wit punctuation.brackets.angle.end.wit
#                                                                                           ^ source.wit meta.world-item.wit meta.export-item.wit meta.function.wit meta.types.result-list.wit meta.result.ty.wit meta.list.ty.wit punctuation.brackets.angle.end.wit
#                                                                                            ^ source.wit meta.world-item.wit meta.export-item.wit meta.function.wit meta.types.result-list.wit meta.result.ty.wit punctuation.comma.wit
#                                                                                             ^^^^^^^ source.wit meta.world-item.wit meta.export-item.wit meta.function.wit meta.types.result-list.wit meta.result.ty.wit entity.name.type.string.wit
#                                                                                                    ^ source.wit meta.world-item.wit meta.export-item.wit meta.function.wit meta.types.result-list.wit meta.result.ty.wit punctuation.brackets.angle.end.wit
>}
#^ source.wit meta.world-item.wit punctuation.brackets.curly.end.wit
>