>package my:resources
#^^^^^^^ source.wit meta.package-decl.wit storage.modifier.package-decl.wit
#       ^ source.wit meta.package-decl.wit
#        ^^ source.wit meta.package-decl.wit meta.id.package-decl.wit meta.package-identifier.wit entity.name.namespace.package-identifier.wit entity.name.type.id.wit
#          ^ source.wit meta.package-decl.wit meta.id.package-decl.wit meta.package-identifier.wit keyword.operator.namespace.package-identifier.wit
#           ^^^^^^^^^ source.wit meta.package-decl.wit meta.id.package-decl.wit meta.package-identifier.wit entity.name.type.package-identifier.wit entity.name.type.id.wit
>
>interface e1 {
#^^^^^^^^^ source.wit meta.interface-item.wit keyword.declaration.interface.interface-item.wit storage.type.wit
#         ^ source.wit meta.interface-item.wit
#          ^^ source.wit meta.interface-item.wit entity.name.type.id.interface-item.wit
#            ^ source.wit meta.interface-item.wit
#             ^ source.wit meta.interface-item.wit punctuation.brackets.curly.begin.wit
>  resource x {
#^^ source.wit meta.interface-item.wit meta.whitespace.wit
#  ^^^^^^^^ source.wit meta.interface-item.wit meta.resource-item.wit keyword.other.resource.wit
#          ^ source.wit meta.interface-item.wit meta.resource-item.wit
#           ^ source.wit meta.interface-item.wit meta.resource-item.wit entity.name.type.id.resource.wit
#            ^ source.wit meta.interface-item.wit meta.resource-item.wit meta.whitespace.wit
#             ^ source.wit meta.interface-item.wit meta.resource-item.wit meta.resource-methods.wit punctuation.brackets.curly.begin.wit
>    constructor(s: string)
#^^^^ source.wit meta.interface-item.wit meta.resource-item.wit meta.resource-methods.wit meta.whitespace.wit
#    ^^^^^^^^^^^ source.wit meta.interface-item.wit meta.resource-item.wit meta.resource-methods.wit meta.constructor-type.wit keyword.other.constructor.constructor-type.wit
#               ^ source.wit meta.interface-item.wit meta.resource-item.wit meta.resource-methods.wit meta.constructor-type.wit meta.param-list.wit punctuation.brackets.round.begin.wit
#                ^ source.wit meta.interface-item.wit meta.resource-item.wit meta.resource-methods.wit meta.constructor-type.wit meta.param-list.wit meta.named-type-list.wit variable.parameter.id.named-type.wit
#                 ^ source.wit meta.interface-item.wit meta.resource-item.wit meta.resource-methods.wit meta.constructor-type.wit meta.param-list.wit meta.named-type-list.wit keyword.operator.key-value.wit
#                  ^ source.wit meta.interface-item.wit meta.resource-item.wit meta.resource-methods.wit meta.constructor-type.wit meta.param-list.wit meta.named-type-list.wit meta.whitespace.wit
#                   ^^^^^^ source.wit meta.interface-item.wit meta.resource-item.wit meta.resource-methods.wit meta.constructor-type.wit meta.param-list.wit meta.named-type-list.wit entity.name.type.string.wit
#                         ^ source.wit meta.interface-item.wit meta.resource-item.wit meta.resource-methods.wit meta.constructor-type.wit meta.param-list.wit punctuation.brackets.round.end.wit
>    get: func() -> string
#^^^^ source.wit meta.interface-item.wit meta.resource-item.wit meta.resource-methods.wit meta.whitespace.wit
#    ^^^ source.wit meta.interface-item.wit meta.resource-item.wit meta.resource-methods.wit meta.func-item.wit entity.name.function.id.func-item.wit meta.word.wit
#       ^ source.wit meta.interface-item.wit meta.resource-item.wit meta.resource-methods.wit meta.func-item.wit keyword.operator.key-value.wit
#        ^ source.wit meta.interface-item.wit meta.resource-item.wit meta.resource-methods.wit meta.func-item.wit meta.whitespace.wit
#         ^^^^ source.wit meta.interface-item.wit meta.resource-item.wit meta.resource-methods.wit meta.func-item.wit meta.function.wit keyword.other.func.func-type.wit
#             ^ source.wit meta.interface-item.wit meta.resource-item.wit meta.resource-methods.wit meta.func-item.wit meta.function.wit meta.param-list.wit punctuation.brackets.round.begin.wit
#              ^ source.wit meta.interface-item.wit meta.resource-item.wit meta.resource-methods.wit meta.func-item.wit meta.function.wit meta.param-list.wit punctuation.brackets.round.end.wit
#               ^ source.wit meta.interface-item.wit meta.resource-item.wit meta.resource-methods.wit meta.func-item.wit meta.function.wit meta.whitespace.wit
#                ^^ source.wit meta.interface-item.wit meta.resource-item.wit meta.resource-methods.wit meta.func-item.wit meta.function.wit meta.result-list.wit keyword.operator.arrow.skinny.wit
#                  ^ source.wit meta.interface-item.wit meta.resource-item.wit meta.resource-methods.wit meta.func-item.wit meta.function.wit meta.result-list.wit meta.whitespace.wit
#                   ^^^^^^ source.wit meta.interface-item.wit meta.resource-item.wit meta.resource-methods.wit meta.func-item.wit meta.function.wit meta.result-list.wit entity.name.type.string.wit
>  }
#^^ source.wit meta.interface-item.wit meta.resource-item.wit meta.resource-methods.wit meta.whitespace.wit
#  ^ source.wit meta.interface-item.wit meta.resource-item.wit meta.resource-methods.wit punctuation.brackets.curly.end.wit
>
>  record foo { x: x }
#^^ source.wit meta.interface-item.wit meta.whitespace.wit
#  ^^^^^^ source.wit meta.interface-item.wit meta.record-item.wit keyword.declaration.record.record-item.wit
#        ^ source.wit meta.interface-item.wit meta.record-item.wit
#         ^^^ source.wit meta.interface-item.wit meta.record-item.wit entity.name.type.id.record-item.wit
#            ^ source.wit meta.interface-item.wit meta.record-item.wit
#             ^ source.wit meta.interface-item.wit meta.record-item.wit punctuation.brackets.curly.begin.wit
#              ^ source.wit meta.interface-item.wit meta.record-item.wit meta.whitespace.wit
#               ^ source.wit meta.interface-item.wit meta.record-item.wit meta.record-fields.wit variable.declaration.id.record-fields.wit
#                ^ source.wit meta.interface-item.wit meta.record-item.wit meta.record-fields.wit keyword.operator.key-value.wit
#                 ^ source.wit meta.interface-item.wit meta.record-item.wit meta.record-fields.wit meta.whitespace.wit
#                  ^ source.wit meta.interface-item.wit meta.record-item.wit meta.record-fields.wit entity.name.type.id.wit
#                   ^ source.wit meta.interface-item.wit meta.record-item.wit meta.record-fields.wit meta.whitespace.wit
#                    ^ source.wit meta.interface-item.wit meta.record-item.wit punctuation.brackets.curly.end.wit
>
>  a: func(f: foo) -> list<x>
#^^ source.wit meta.interface-item.wit meta.whitespace.wit
#  ^ source.wit meta.interface-item.wit meta.func-item.wit entity.name.function.id.func-item.wit meta.word.wit
#   ^ source.wit meta.interface-item.wit meta.func-item.wit keyword.operator.key-value.wit
#    ^ source.wit meta.interface-item.wit meta.func-item.wit meta.whitespace.wit
#     ^^^^ source.wit meta.interface-item.wit meta.func-item.wit meta.function.wit keyword.other.func.func-type.wit
#         ^ source.wit meta.interface-item.wit meta.func-item.wit meta.function.wit meta.param-list.wit punctuation.brackets.round.begin.wit
#          ^ source.wit meta.interface-item.wit meta.func-item.wit meta.function.wit meta.param-list.wit meta.named-type-list.wit variable.parameter.id.named-type.wit
#           ^ source.wit meta.interface-item.wit meta.func-item.wit meta.function.wit meta.param-list.wit meta.named-type-list.wit keyword.operator.key-value.wit
#            ^ source.wit meta.interface-item.wit meta.func-item.wit meta.function.wit meta.param-list.wit meta.named-type-list.wit meta.whitespace.wit
#             ^^^ source.wit meta.interface-item.wit meta.func-item.wit meta.function.wit meta.param-list.wit meta.named-type-list.wit entity.name.type.id.wit
#                ^ source.wit meta.interface-item.wit meta.func-item.wit meta.function.wit meta.param-list.wit punctuation.brackets.round.end.wit
#                 ^ source.wit meta.interface-item.wit meta.func-item.wit meta.function.wit meta.whitespace.wit
#                  ^^ source.wit meta.interface-item.wit meta.func-item.wit meta.function.wit meta.result-list.wit keyword.operator.arrow.skinny.wit
#                    ^ source.wit meta.interface-item.wit meta.func-item.wit meta.function.wit meta.result-list.wit meta.whitespace.wit
#                     ^^^^ source.wit meta.interface-item.wit meta.func-item.wit meta.function.wit meta.result-list.wit meta.list.ty.wit entity.name.type.list.wit
#                         ^ source.wit meta.interface-item.wit meta.func-item.wit meta.function.wit meta.result-list.wit meta.list.ty.wit punctuation.brackets.angle.begin.wit
#                          ^ source.wit meta.interface-item.wit meta.func-item.wit meta.function.wit meta.result-list.wit meta.list.ty.wit entity.name.type.id.wit
#                           ^ source.wit meta.interface-item.wit meta.func-item.wit meta.function.wit meta.result-list.wit meta.list.ty.wit punctuation.brackets.angle.end.wit
>}
#^ source.wit meta.interface-item.wit punctuation.brackets.curly.end.wit
>
>interface e2 {
#^^^^^^^^^ source.wit meta.interface-item.wit keyword.declaration.interface.interface-item.wit storage.type.wit
#         ^ source.wit meta.interface-item.wit
#          ^^ source.wit meta.interface-item.wit entity.name.type.id.interface-item.wit
#            ^ source.wit meta.interface-item.wit
#             ^ source.wit meta.interface-item.wit punctuation.brackets.curly.begin.wit
>  use e1.{x, foo as bar}
#^^ source.wit meta.interface-item.wit meta.whitespace.wit
#  ^^^ source.wit meta.interface-item.wit meta.use-item.wit keyword.other.use.use-item.wit
#     ^ source.wit meta.interface-item.wit meta.use-item.wit
#      ^^ source.wit meta.interface-item.wit meta.use-item.wit entity.name.namespace.id.use-path.wit
#        ^ source.wit meta.interface-item.wit meta.use-item.wit keyword.operator.namespace-separator.use-item.wit
#         ^ source.wit meta.interface-item.wit meta.use-item.wit punctuation.brackets.curly.begin.wit
#          ^ source.wit meta.interface-item.wit meta.use-item.wit entity.name.type.declaration.use-names-item.use-item.wit
#           ^ source.wit meta.interface-item.wit meta.use-item.wit punctuation.comma.wit
#            ^ source.wit meta.interface-item.wit meta.use-item.wit meta.whitespace.wit
#             ^^^ source.wit meta.interface-item.wit meta.use-item.wit entity.name.type.declaration.use-names-item.use-item.wit
#                ^ source.wit meta.interface-item.wit meta.use-item.wit meta.whitespace.wit
#                 ^^ source.wit meta.interface-item.wit meta.use-item.wit entity.name.type.declaration.use-names-item.use-item.wit
#                   ^ source.wit meta.interface-item.wit meta.use-item.wit meta.whitespace.wit
#                    ^^^ source.wit meta.interface-item.wit meta.use-item.wit entity.name.type.declaration.use-names-item.use-item.wit
#                       ^ source.wit meta.interface-item.wit meta.use-item.wit punctuation.brackets.curly.end.wit
>
>  record foo { x: x }
#^^ source.wit meta.interface-item.wit meta.whitespace.wit
#  ^^^^^^ source.wit meta.interface-item.wit meta.record-item.wit keyword.declaration.record.record-item.wit
#        ^ source.wit meta.interface-item.wit meta.record-item.wit
#         ^^^ source.wit meta.interface-item.wit meta.record-item.wit entity.name.type.id.record-item.wit
#            ^ source.wit meta.interface-item.wit meta.record-item.wit
#             ^ source.wit meta.interface-item.wit meta.record-item.wit punctuation.brackets.curly.begin.wit
#              ^ source.wit meta.interface-item.wit meta.record-item.wit meta.whitespace.wit
#               ^ source.wit meta.interface-item.wit meta.record-item.wit meta.record-fields.wit variable.declaration.id.record-fields.wit
#                ^ source.wit meta.interface-item.wit meta.record-item.wit meta.record-fields.wit keyword.operator.key-value.wit
#                 ^ source.wit meta.interface-item.wit meta.record-item.wit meta.record-fields.wit meta.whitespace.wit
#                  ^ source.wit meta.interface-item.wit meta.record-item.wit meta.record-fields.wit entity.name.type.id.wit
#                   ^ source.wit meta.interface-item.wit meta.record-item.wit meta.record-fields.wit meta.whitespace.wit
#                    ^ source.wit meta.interface-item.wit meta.record-item.wit punctuation.brackets.curly.end.wit
>
>  a: func(f: foo, g: bar) -> list<x>
#^^ source.wit meta.interface-item.wit meta.whitespace.wit
#  ^ source.wit meta.interface-item.wit meta.func-item.wit entity.name.function.id.func-item.wit meta.word.wit
#   ^ source.wit meta.interface-item.wit meta.func-item.wit keyword.operator.key-value.wit
#    ^ source.wit meta.interface-item.wit meta.func-item.wit meta.whitespace.wit
#     ^^^^ source.wit meta.interface-item.wit meta.func-item.wit meta.function.wit keyword.other.func.func-type.wit
#         ^ source.wit meta.interface-item.wit meta.func-item.wit meta.function.wit meta.param-list.wit punctuation.brackets.round.begin.wit
#          ^ source.wit meta.interface-item.wit meta.func-item.wit meta.function.wit meta.param-list.wit meta.named-type-list.wit variable.parameter.id.named-type.wit
#           ^ source.wit meta.interface-item.wit meta.func-item.wit meta.function.wit meta.param-list.wit meta.named-type-list.wit keyword.operator.key-value.wit
#            ^ source.wit meta.interface-item.wit meta.func-item.wit meta.function.wit meta.param-list.wit meta.named-type-list.wit meta.whitespace.wit
#             ^^^ source.wit meta.interface-item.wit meta.func-item.wit meta.function.wit meta.param-list.wit meta.named-type-list.wit entity.name.type.id.wit
#                ^ source.wit meta.interface-item.wit meta.func-item.wit meta.function.wit meta.param-list.wit meta.named-type-list.wit punctuation.comma.wit
#                 ^ source.wit meta.interface-item.wit meta.func-item.wit meta.function.wit meta.param-list.wit meta.whitespace.wit
#                  ^ source.wit meta.interface-item.wit meta.func-item.wit meta.function.wit meta.param-list.wit meta.named-type-list.wit variable.parameter.id.named-type.wit
#                   ^ source.wit meta.interface-item.wit meta.func-item.wit meta.function.wit meta.param-list.wit meta.named-type-list.wit keyword.operator.key-value.wit
#                    ^ source.wit meta.interface-item.wit meta.func-item.wit meta.function.wit meta.param-list.wit meta.named-type-list.wit meta.whitespace.wit
#                     ^^^ source.wit meta.interface-item.wit meta.func-item.wit meta.function.wit meta.param-list.wit meta.named-type-list.wit entity.name.type.id.wit
#                        ^ source.wit meta.interface-item.wit meta.func-item.wit meta.function.wit meta.param-list.wit punctuation.brackets.round.end.wit
#                         ^ source.wit meta.interface-item.wit meta.func-item.wit meta.function.wit meta.whitespace.wit
#                          ^^ source.wit meta.interface-item.wit meta.func-item.wit meta.function.wit meta.result-list.wit keyword.operator.arrow.skinny.wit
#                            ^ source.wit meta.interface-item.wit meta.func-item.wit meta.function.wit meta.result-list.wit meta.whitespace.wit
#                             ^^^^ source.wit meta.interface-item.wit meta.func-item.wit meta.function.wit meta.result-list.wit meta.list.ty.wit entity.name.type.list.wit
#                                 ^ source.wit meta.interface-item.wit meta.func-item.wit meta.function.wit meta.result-list.wit meta.list.ty.wit punctuation.brackets.angle.begin.wit
#                                  ^ source.wit meta.interface-item.wit meta.func-item.wit meta.function.wit meta.result-list.wit meta.list.ty.wit entity.name.type.id.wit
#                                   ^ source.wit meta.interface-item.wit meta.func-item.wit meta.function.wit meta.result-list.wit meta.list.ty.wit punctuation.brackets.angle.end.wit
>}
#^ source.wit meta.interface-item.wit punctuation.brackets.curly.end.wit
>
>world resources {
#^^^^^ source.wit meta.world-item.wit keyword.declaration.world.world-item.wit storage.type.wit
#     ^ source.wit meta.world-item.wit
#      ^^^^^^^^^ source.wit meta.world-item.wit entity.name.type.id.world-item.wit
#               ^ source.wit meta.world-item.wit
#                ^ source.wit meta.world-item.wit punctuation.brackets.curly.begin.wit
>  use e2.{x}
#^^ source.wit meta.world-item.wit meta.whitespace.wit
#  ^^^ source.wit meta.world-item.wit meta.use-item.wit keyword.other.use.use-item.wit
#     ^ source.wit meta.world-item.wit meta.use-item.wit
#      ^^ source.wit meta.world-item.wit meta.use-item.wit entity.name.namespace.id.use-path.wit
#        ^ source.wit meta.world-item.wit meta.use-item.wit keyword.operator.namespace-separator.use-item.wit
#         ^ source.wit meta.world-item.wit meta.use-item.wit punctuation.brackets.curly.begin.wit
#          ^ source.wit meta.world-item.wit meta.use-item.wit entity.name.type.declaration.use-names-item.use-item.wit
#           ^ source.wit meta.world-item.wit meta.use-item.wit punctuation.brackets.curly.end.wit
>
>  export frobnicate: func(x: list<x>) -> list<x>
#^^ source.wit meta.world-item.wit meta.whitespace.wit
#  ^^^^^^ source.wit meta.world-item.wit meta.export-item.wit keyword.control.export.export-item.wit
#        ^ source.wit meta.world-item.wit meta.export-item.wit
#         ^^^^^^^^^^ source.wit meta.world-item.wit meta.export-item.wit meta.id.export-item.wit variable.other.constant.id.export-item.wit
#                   ^ source.wit meta.world-item.wit meta.export-item.wit meta.id.export-item.wit
#                    ^ source.wit meta.world-item.wit meta.export-item.wit meta.whitespace.wit
#                     ^^^^ source.wit meta.world-item.wit meta.export-item.wit meta.function.wit keyword.other.func.func-type.wit
#                         ^ source.wit meta.world-item.wit meta.export-item.wit meta.function.wit meta.param-list.wit punctuation.brackets.round.begin.wit
#                          ^ source.wit meta.world-item.wit meta.export-item.wit meta.function.wit meta.param-list.wit meta.named-type-list.wit variable.parameter.id.named-type.wit
#                           ^ source.wit meta.world-item.wit meta.export-item.wit meta.function.wit meta.param-list.wit meta.named-type-list.wit keyword.operator.key-value.wit
#                            ^ source.wit meta.world-item.wit meta.export-item.wit meta.function.wit meta.param-list.wit meta.named-type-list.wit meta.whitespace.wit
#                             ^^^^ source.wit meta.world-item.wit meta.export-item.wit meta.function.wit meta.param-list.wit meta.named-type-list.wit meta.list.ty.wit entity.name.type.list.wit
#                                 ^ source.wit meta.world-item.wit meta.export-item.wit meta.function.wit meta.param-list.wit meta.named-type-list.wit meta.list.ty.wit punctuation.brackets.angle.begin.wit
#                                  ^ source.wit meta.world-item.wit meta.export-item.wit meta.function.wit meta.param-list.wit meta.named-type-list.wit meta.list.ty.wit entity.name.type.id.wit
#                                   ^ source.wit meta.world-item.wit meta.export-item.wit meta.function.wit meta.param-list.wit meta.named-type-list.wit meta.list.ty.wit punctuation.brackets.angle.end.wit
#                                    ^ source.wit meta.world-item.wit meta.export-item.wit meta.function.wit meta.param-list.wit punctuation.brackets.round.end.wit
#                                     ^ source.wit meta.world-item.wit meta.export-item.wit meta.function.wit meta.whitespace.wit
#                                      ^^ source.wit meta.world-item.wit meta.export-item.wit meta.function.wit meta.result-list.wit keyword.operator.arrow.skinny.wit
#                                        ^ source.wit meta.world-item.wit meta.export-item.wit meta.function.wit meta.result-list.wit meta.whitespace.wit
#                                         ^^^^ source.wit meta.world-item.wit meta.export-item.wit meta.function.wit meta.result-list.wit meta.list.ty.wit entity.name.type.list.wit
#                                             ^ source.wit meta.world-item.wit meta.export-item.wit meta.function.wit meta.result-list.wit meta.list.ty.wit punctuation.brackets.angle.begin.wit
#                                              ^ source.wit meta.world-item.wit meta.export-item.wit meta.function.wit meta.result-list.wit meta.list.ty.wit entity.name.type.id.wit
#                                               ^ source.wit meta.world-item.wit meta.export-item.wit meta.function.wit meta.result-list.wit meta.list.ty.wit punctuation.brackets.angle.end.wit
>
>  import e1
#^^ source.wit meta.world-item.wit meta.whitespace.wit
#  ^^^^^^ source.wit meta.world-item.wit meta.import-item.wit keyword.control.import.import-item.wit
#        ^ source.wit meta.world-item.wit meta.import-item.wit
#         ^^ source.wit meta.world-item.wit meta.import-item.wit meta.id.import-item.wit variable.other.id.import-item.wit
>  import e2
#^^ source.wit meta.world-item.wit meta.whitespace.wit
#  ^^^^^^ source.wit meta.world-item.wit meta.import-item.wit keyword.control.import.import-item.wit
#        ^ source.wit meta.world-item.wit meta.import-item.wit
#         ^^ source.wit meta.world-item.wit meta.import-item.wit meta.id.import-item.wit variable.other.id.import-item.wit
>  export e1
#^^ source.wit meta.world-item.wit meta.whitespace.wit
#  ^^^^^^ source.wit meta.world-item.wit meta.export-item.wit keyword.control.export.export-item.wit
#        ^ source.wit meta.world-item.wit meta.export-item.wit
#         ^^ source.wit meta.world-item.wit meta.export-item.wit meta.id.export-item.wit variable.other.constant.id.export-item.wit
>  export e2
#^^ source.wit meta.world-item.wit meta.whitespace.wit
#  ^^^^^^ source.wit meta.world-item.wit meta.export-item.wit keyword.control.export.export-item.wit
#        ^ source.wit meta.world-item.wit meta.export-item.wit
#         ^^ source.wit meta.world-item.wit meta.export-item.wit meta.id.export-item.wit variable.other.constant.id.export-item.wit
>}
#^ source.wit meta.world-item.wit punctuation.brackets.curly.end.wit
>