>package name4:name4;
#^^^^^^^ source.wit meta.package-decl.wit storage.modifier.package-decl.wit
#       ^ source.wit meta.package-decl.wit
#        ^^^^^ source.wit meta.package-decl.wit meta.id.package-decl.wit meta.package-identifier.wit entity.name.namespace.package-identifier.wit entity.name.type.id.wit
#             ^ source.wit meta.package-decl.wit meta.id.package-decl.wit meta.package-identifier.wit keyword.operator.namespace.package-identifier.wit
#              ^^^^^ source.wit meta.package-decl.wit meta.id.package-decl.wit meta.package-identifier.wit entity.name.type.package-identifier.wit entity.name.type.id.wit
#                   ^ source.wit meta.package-decl.wit meta.id.package-decl.wit meta.package-identifier.wit entity.name.type.package-identifier.wit
>
>interface name4 {
#^^^^^^^^^ source.wit meta.interface-item.wit keyword.declaration.interface.interface-item.wit storage.type.wit
#         ^ source.wit meta.interface-item.wit
#          ^^^^^ source.wit meta.interface-item.wit entity.name.type.id.interface-item.wit
#               ^ source.wit meta.interface-item.wit
#                ^ source.wit meta.interface-item.wit punctuation.brackets.curly.begin.wit
>  type name4 = u32;
#^^ source.wit meta.interface-item.wit meta.whitespace.wit
#  ^^^^ source.wit meta.interface-item.wit meta.type-item.wit keyword.declaration.type.type-item.wit storage.type.wit
#      ^ source.wit meta.interface-item.wit meta.type-item.wit
#       ^^^^^ source.wit meta.interface-item.wit meta.type-item.wit entity.name.type.id.type-item.wit
#            ^ source.wit meta.interface-item.wit meta.type-item.wit
#             ^ source.wit meta.interface-item.wit meta.type-item.wit punctuation.equal.wit
#              ^ source.wit meta.interface-item.wit meta.type-item.wit meta.whitespace.wit
#               ^^^ source.wit meta.interface-item.wit meta.type-item.wit entity.name.type.numeric.wit
#                  ^ source.wit meta.interface-item.wit meta.type-item.wit
>
>  bar: func() -> name4;
#^^ source.wit meta.interface-item.wit meta.whitespace.wit
#  ^^^ source.wit meta.interface-item.wit meta.func-item.wit entity.name.function.id.func-item.wit meta.word.wit
#     ^ source.wit meta.interface-item.wit meta.func-item.wit keyword.operator.key-value.wit
#      ^ source.wit meta.interface-item.wit meta.func-item.wit meta.whitespace.wit
#       ^^^^ source.wit meta.interface-item.wit meta.func-item.wit meta.function.wit keyword.other.func.func-type.wit
#           ^ source.wit meta.interface-item.wit meta.func-item.wit meta.function.wit meta.param-list.wit punctuation.brackets.round.begin.wit
#            ^ source.wit meta.interface-item.wit meta.func-item.wit meta.function.wit meta.param-list.wit punctuation.brackets.round.end.wit
#             ^ source.wit meta.interface-item.wit meta.func-item.wit meta.function.wit meta.whitespace.wit
#              ^^ source.wit meta.interface-item.wit meta.func-item.wit meta.function.wit meta.result-list.wit keyword.operator.arrow.skinny.wit
#                ^ source.wit meta.interface-item.wit meta.func-item.wit meta.function.wit meta.result-list.wit meta.whitespace.wit
#                 ^^^^^ source.wit meta.interface-item.wit meta.func-item.wit meta.function.wit meta.result-list.wit entity.name.type.id.wit
#                      ^ source.wit meta.interface-item.wit meta.func-item.wit meta.function.wit meta.result-list.wit
>}
#^ source.wit meta.interface-item.wit punctuation.brackets.curly.end.wit
>
>world w {
#^^^^^ source.wit meta.world-item.wit keyword.declaration.world.world-item.wit storage.type.wit
#     ^ source.wit meta.world-item.wit
#      ^ source.wit meta.world-item.wit entity.name.type.id.world-item.wit
#       ^ source.wit meta.world-item.wit
#        ^ source.wit meta.world-item.wit punctuation.brackets.curly.begin.wit
>  import name4;
#^^ source.wit meta.world-item.wit meta.whitespace.wit
#  ^^^^^^ source.wit meta.world-item.wit meta.import-item.wit keyword.control.import.import-item.wit
#        ^ source.wit meta.world-item.wit meta.import-item.wit
#         ^^^^^ source.wit meta.world-item.wit meta.import-item.wit meta.id.import-item.wit variable.other.id.import-item.wit
#              ^ source.wit meta.world-item.wit meta.import-item.wit meta.id.import-item.wit
>  export name4;
#^^ source.wit meta.world-item.wit meta.whitespace.wit
#  ^^^^^^ source.wit meta.world-item.wit meta.export-item.wit keyword.control.export.export-item.wit
#        ^ source.wit meta.world-item.wit meta.export-item.wit
#         ^^^^^ source.wit meta.world-item.wit meta.export-item.wit meta.id.export-item.wit variable.other.constant.id.export-item.wit
#              ^ source.wit meta.world-item.wit meta.export-item.wit meta.id.export-item.wit
>}
#^ source.wit meta.world-item.wit punctuation.brackets.curly.end.wit
>