>package name1:name1
#^^^^^^^ source.wit meta.package-decl.wit storage.modifier.package-decl.wit
#       ^ source.wit meta.package-decl.wit
#        ^^^^^ source.wit meta.package-decl.wit meta.id.package-decl.wit meta.package-identifier.wit entity.name.namespace.package-identifier.wit entity.name.type.id.wit
#             ^ source.wit meta.package-decl.wit meta.id.package-decl.wit meta.package-identifier.wit keyword.operator.namespace.package-identifier.wit
#              ^^^^^ source.wit meta.package-decl.wit meta.id.package-decl.wit meta.package-identifier.wit entity.name.type.package-identifier.wit entity.name.type.id.wit
>
>world name1 {
#^^^^^ source.wit meta.world-item.wit keyword.declaration.world.world-item.wit storage.type.wit
#     ^ source.wit meta.world-item.wit
#      ^^^^^ source.wit meta.world-item.wit entity.name.type.id.world-item.wit
#           ^ source.wit meta.world-item.wit
#            ^ source.wit meta.world-item.wit punctuation.brackets.curly.begin.wit
>  import name1: func()
#^^ source.wit meta.world-item.wit meta.import-item.wit
#  ^^^^^^ source.wit meta.world-item.wit meta.import-item.wit keyword.control.import.import-item.wit
#        ^ source.wit meta.world-item.wit meta.import-item.wit
#         ^^^^^ source.wit meta.world-item.wit meta.import-item.wit meta.id.import-item.wit variable.other.id.import-item.wit
#              ^ source.wit meta.world-item.wit meta.import-item.wit meta.id.import-item.wit
#               ^ source.wit meta.world-item.wit meta.import-item.wit
#                ^^^^ source.wit meta.world-item.wit meta.import-item.wit meta.function.wit keyword.other.func.func-type.wit
#                    ^ source.wit meta.world-item.wit meta.import-item.wit meta.function.wit punctuation.brackets.round.begin.wit
#                     ^ source.wit meta.world-item.wit meta.import-item.wit meta.function.wit punctuation.brackets.round.end.wit
>}
#^ source.wit meta.world-item.wit punctuation.brackets.curly.end.wit
>