>package foo:foo;
#^^^^^^^ source.wit meta.package-decl.wit storage.modifier.package-decl.wit
#       ^ source.wit meta.package-decl.wit
#        ^^^ source.wit meta.package-decl.wit meta.id.package-decl.wit meta.package-identifier.wit entity.name.namespace.package-identifier.wit entity.name.type.id.wit
#           ^ source.wit meta.package-decl.wit meta.id.package-decl.wit meta.package-identifier.wit keyword.operator.namespace.package-identifier.wit
#            ^^^ source.wit meta.package-decl.wit meta.id.package-decl.wit meta.package-identifier.wit entity.name.type.package-identifier.wit entity.name.type.id.wit
#               ^ source.wit meta.package-decl.wit meta.id.package-decl.wit meta.package-identifier.wit entity.name.type.package-identifier.wit
>
>interface enums {
#^^^^^^^^^ source.wit meta.interface-item.wit keyword.declaration.interface.interface-item.wit storage.type.wit
#         ^ source.wit meta.interface-item.wit
#          ^^^^^ source.wit meta.interface-item.wit entity.name.type.id.interface-item.wit
#               ^ source.wit meta.interface-item.wit
#                ^ source.wit meta.interface-item.wit punctuation.brackets.curly.begin.wit
>  enum e1 {
#^^ source.wit meta.interface-item.wit meta.whitespace.wit
#  ^^^^ source.wit meta.interface-item.wit meta.enum-items.wit keyword.other.enum.enum-items.wit
#      ^ source.wit meta.interface-item.wit meta.enum-items.wit
#       ^^ source.wit meta.interface-item.wit meta.enum-items.wit entity.name.type.id.enum-items.wit
#         ^ source.wit meta.interface-item.wit meta.enum-items.wit
#          ^ source.wit meta.interface-item.wit meta.enum-items.wit punctuation.brackets.curly.begin.wit
>    a,
#^^^^ source.wit meta.interface-item.wit meta.enum-items.wit meta.whitespace.wit
#    ^ source.wit meta.interface-item.wit meta.enum-items.wit variable.other.enummember.id.enum-cases.wit
#     ^ source.wit meta.interface-item.wit meta.enum-items.wit punctuation.comma.wit
>    b,
#^^^^ source.wit meta.interface-item.wit meta.enum-items.wit meta.whitespace.wit
#    ^ source.wit meta.interface-item.wit meta.enum-items.wit variable.other.enummember.id.enum-cases.wit
#     ^ source.wit meta.interface-item.wit meta.enum-items.wit punctuation.comma.wit
>    c
#^^^^ source.wit meta.interface-item.wit meta.enum-items.wit meta.whitespace.wit
#    ^ source.wit meta.interface-item.wit meta.enum-items.wit variable.other.enummember.id.enum-cases.wit
>  }
#^^ source.wit meta.interface-item.wit meta.enum-items.wit meta.whitespace.wit
#  ^ source.wit meta.interface-item.wit meta.enum-items.wit punctuation.brackets.curly.end.wit
>
>  enum e2 {
#^^ source.wit meta.interface-item.wit meta.whitespace.wit
#  ^^^^ source.wit meta.interface-item.wit meta.enum-items.wit keyword.other.enum.enum-items.wit
#      ^ source.wit meta.interface-item.wit meta.enum-items.wit
#       ^^ source.wit meta.interface-item.wit meta.enum-items.wit entity.name.type.id.enum-items.wit
#         ^ source.wit meta.interface-item.wit meta.enum-items.wit
#          ^ source.wit meta.interface-item.wit meta.enum-items.wit punctuation.brackets.curly.begin.wit
>    something,
#^^^^ source.wit meta.interface-item.wit meta.enum-items.wit meta.whitespace.wit
#    ^^^^^^^^^ source.wit meta.interface-item.wit meta.enum-items.wit variable.other.enummember.id.enum-cases.wit
#             ^ source.wit meta.interface-item.wit meta.enum-items.wit punctuation.comma.wit
>    else
#^^^^ source.wit meta.interface-item.wit meta.enum-items.wit meta.whitespace.wit
#    ^^^^ source.wit meta.interface-item.wit meta.enum-items.wit variable.other.enummember.id.enum-cases.wit
>  }
#^^ source.wit meta.interface-item.wit meta.enum-items.wit meta.whitespace.wit
#  ^ source.wit meta.interface-item.wit meta.enum-items.wit punctuation.brackets.curly.end.wit
>
>  e1-arg: func(x: e1);
#^^ source.wit meta.interface-item.wit meta.whitespace.wit
#  ^^ source.wit meta.interface-item.wit meta.func-item.wit entity.name.function.id.func-item.wit meta.word.wit
#    ^ source.wit meta.interface-item.wit meta.func-item.wit entity.name.function.id.func-item.wit meta.word-separator.wit
#     ^^^ source.wit meta.interface-item.wit meta.func-item.wit entity.name.function.id.func-item.wit meta.word.wit
#        ^ source.wit meta.interface-item.wit meta.func-item.wit keyword.operator.key-value.wit
#         ^ source.wit meta.interface-item.wit meta.func-item.wit meta.whitespace.wit
#          ^^^^ source.wit meta.interface-item.wit meta.func-item.wit meta.function.wit keyword.other.func.func-type.wit
#              ^ source.wit meta.interface-item.wit meta.func-item.wit meta.function.wit meta.param-list.wit punctuation.brackets.round.begin.wit
#               ^ source.wit meta.interface-item.wit meta.func-item.wit meta.function.wit meta.param-list.wit meta.named-type-list.wit variable.parameter.id.named-type.wit
#                ^ source.wit meta.interface-item.wit meta.func-item.wit meta.function.wit meta.param-list.wit meta.named-type-list.wit keyword.operator.key-value.wit
#                 ^ source.wit meta.interface-item.wit meta.func-item.wit meta.function.wit meta.param-list.wit meta.named-type-list.wit meta.whitespace.wit
#                  ^^ source.wit meta.interface-item.wit meta.func-item.wit meta.function.wit meta.param-list.wit meta.named-type-list.wit entity.name.type.id.wit
#                    ^ source.wit meta.interface-item.wit meta.func-item.wit meta.function.wit meta.param-list.wit punctuation.brackets.round.end.wit
#                     ^ source.wit meta.interface-item.wit meta.func-item.wit meta.function.wit
>  e2-arg: func(x: e2);
#^^ source.wit meta.interface-item.wit meta.whitespace.wit
#  ^^ source.wit meta.interface-item.wit meta.func-item.wit entity.name.function.id.func-item.wit meta.word.wit
#    ^ source.wit meta.interface-item.wit meta.func-item.wit entity.name.function.id.func-item.wit meta.word-separator.wit
#     ^^^ source.wit meta.interface-item.wit meta.func-item.wit entity.name.function.id.func-item.wit meta.word.wit
#        ^ source.wit meta.interface-item.wit meta.func-item.wit keyword.operator.key-value.wit
#         ^ source.wit meta.interface-item.wit meta.func-item.wit meta.whitespace.wit
#          ^^^^ source.wit meta.interface-item.wit meta.func-item.wit meta.function.wit keyword.other.func.func-type.wit
#              ^ source.wit meta.interface-item.wit meta.func-item.wit meta.function.wit meta.param-list.wit punctuation.brackets.round.begin.wit
#               ^ source.wit meta.interface-item.wit meta.func-item.wit meta.function.wit meta.param-list.wit meta.named-type-list.wit variable.parameter.id.named-type.wit
#                ^ source.wit meta.interface-item.wit meta.func-item.wit meta.function.wit meta.param-list.wit meta.named-type-list.wit keyword.operator.key-value.wit
#                 ^ source.wit meta.interface-item.wit meta.func-item.wit meta.function.wit meta.param-list.wit meta.named-type-list.wit meta.whitespace.wit
#                  ^^ source.wit meta.interface-item.wit meta.func-item.wit meta.function.wit meta.param-list.wit meta.named-type-list.wit entity.name.type.id.wit
#                    ^ source.wit meta.interface-item.wit meta.func-item.wit meta.function.wit meta.param-list.wit punctuation.brackets.round.end.wit
#                     ^ source.wit meta.interface-item.wit meta.func-item.wit meta.function.wit
>
>  e1-ret: func(x: e1) -> e2;
#^^ source.wit meta.interface-item.wit meta.whitespace.wit
#  ^^ source.wit meta.interface-item.wit meta.func-item.wit entity.name.function.id.func-item.wit meta.word.wit
#    ^ source.wit meta.interface-item.wit meta.func-item.wit entity.name.function.id.func-item.wit meta.word-separator.wit
#     ^^^ source.wit meta.interface-item.wit meta.func-item.wit entity.name.function.id.func-item.wit meta.word.wit
#        ^ source.wit meta.interface-item.wit meta.func-item.wit keyword.operator.key-value.wit
#         ^ source.wit meta.interface-item.wit meta.func-item.wit meta.whitespace.wit
#          ^^^^ source.wit meta.interface-item.wit meta.func-item.wit meta.function.wit keyword.other.func.func-type.wit
#              ^ source.wit meta.interface-item.wit meta.func-item.wit meta.function.wit meta.param-list.wit punctuation.brackets.round.begin.wit
#               ^ source.wit meta.interface-item.wit meta.func-item.wit meta.function.wit meta.param-list.wit meta.named-type-list.wit variable.parameter.id.named-type.wit
#                ^ source.wit meta.interface-item.wit meta.func-item.wit meta.function.wit meta.param-list.wit meta.named-type-list.wit keyword.operator.key-value.wit
#                 ^ source.wit meta.interface-item.wit meta.func-item.wit meta.function.wit meta.param-list.wit meta.named-type-list.wit meta.whitespace.wit
#                  ^^ source.wit meta.interface-item.wit meta.func-item.wit meta.function.wit meta.param-list.wit meta.named-type-list.wit entity.name.type.id.wit
#                    ^ source.wit meta.interface-item.wit meta.func-item.wit meta.function.wit meta.param-list.wit punctuation.brackets.round.end.wit
#                     ^ source.wit meta.interface-item.wit meta.func-item.wit meta.function.wit meta.whitespace.wit
#                      ^^ source.wit meta.interface-item.wit meta.func-item.wit meta.function.wit meta.result-list.wit keyword.operator.arrow.skinny.wit
#                        ^ source.wit meta.interface-item.wit meta.func-item.wit meta.function.wit meta.result-list.wit meta.whitespace.wit
#                         ^^ source.wit meta.interface-item.wit meta.func-item.wit meta.function.wit meta.result-list.wit entity.name.type.id.wit
#                           ^ source.wit meta.interface-item.wit meta.func-item.wit meta.function.wit meta.result-list.wit
>}
#^ source.wit meta.interface-item.wit punctuation.brackets.curly.end.wit
>
>world the-world {
#^^^^^ source.wit meta.world-item.wit keyword.declaration.world.world-item.wit storage.type.wit
#     ^ source.wit meta.world-item.wit
#      ^^^^^^^^^ source.wit meta.world-item.wit entity.name.type.id.world-item.wit
#               ^ source.wit meta.world-item.wit
#                ^ source.wit meta.world-item.wit punctuation.brackets.curly.begin.wit
>  import enums;
#^^ source.wit meta.world-item.wit meta.whitespace.wit
#  ^^^^^^ source.wit meta.world-item.wit meta.import-item.wit keyword.control.import.import-item.wit
#        ^ source.wit meta.world-item.wit meta.import-item.wit
#         ^^^^^ source.wit meta.world-item.wit meta.import-item.wit meta.id.import-item.wit variable.other.id.import-item.wit
#              ^ source.wit meta.world-item.wit meta.import-item.wit meta.id.import-item.wit
>  export enums;
#^^ source.wit meta.world-item.wit meta.whitespace.wit
#  ^^^^^^ source.wit meta.world-item.wit meta.export-item.wit keyword.control.export.export-item.wit
#        ^ source.wit meta.world-item.wit meta.export-item.wit
#         ^^^^^ source.wit meta.world-item.wit meta.export-item.wit meta.id.export-item.wit variable.other.constant.id.export-item.wit
#              ^ source.wit meta.world-item.wit meta.export-item.wit meta.id.export-item.wit
>}
#^ source.wit meta.world-item.wit punctuation.brackets.curly.end.wit
>