>package foo:foo
#^^^^^^^ source.wit meta.package-decl.wit storage.modifier.package-decl.wit
#       ^ source.wit meta.package-decl.wit
#        ^^^ source.wit meta.package-decl.wit meta.id.package-decl.wit meta.package-identifier.wit entity.name.namespace.package-identifier.wit entity.name.type.id.wit
#           ^ source.wit meta.package-decl.wit meta.id.package-decl.wit meta.package-identifier.wit keyword.operator.namespace.package-identifier.wit
#            ^^^ source.wit meta.package-decl.wit meta.id.package-decl.wit meta.package-identifier.wit entity.name.type.package-identifier.wit entity.name.type.id.wit
>
>interface strings {
#^^^^^^^^^ source.wit meta.interface-item.wit keyword.declaration.interface.interface-item.wit storage.type.wit
#         ^ source.wit meta.interface-item.wit
#          ^^^^^^^ source.wit meta.interface-item.wit entity.name.type.id.interface-item.wit
#                 ^ source.wit meta.interface-item.wit
#                  ^ source.wit meta.interface-item.wit punctuation.brackets.curly.begin.wit
>  a: func(x: string)
#^^ source.wit meta.interface-item.wit meta.func-item.wit
#  ^ source.wit meta.interface-item.wit meta.func-item.wit entity.name.function.id.func-item.wit meta.word.wit
#   ^ source.wit meta.interface-item.wit meta.func-item.wit keyword.operator.key-value.wit
#    ^ source.wit meta.interface-item.wit meta.func-item.wit
#     ^^^^ source.wit meta.interface-item.wit meta.func-item.wit meta.function.wit keyword.other.func.func-type.wit
#         ^ source.wit meta.interface-item.wit meta.func-item.wit meta.function.wit punctuation.brackets.round.begin.wit
#          ^ source.wit meta.interface-item.wit meta.func-item.wit meta.function.wit meta.named-type-list.wit variable.parameter.id.named-type.wit
#           ^ source.wit meta.interface-item.wit meta.func-item.wit meta.function.wit meta.named-type-list.wit keyword.operator.key-value.wit
#            ^ source.wit meta.interface-item.wit meta.func-item.wit meta.function.wit meta.named-type-list.wit
#             ^^^^^^ source.wit meta.interface-item.wit meta.func-item.wit meta.function.wit meta.named-type-list.wit entity.name.type.string.wit
#                   ^ source.wit meta.interface-item.wit meta.func-item.wit meta.function.wit punctuation.brackets.round.end.wit
>  b: func() -> string
#^^ source.wit meta.interface-item.wit meta.func-item.wit
#  ^ source.wit meta.interface-item.wit meta.func-item.wit entity.name.function.id.func-item.wit meta.word.wit
#   ^ source.wit meta.interface-item.wit meta.func-item.wit keyword.operator.key-value.wit
#    ^ source.wit meta.interface-item.wit meta.func-item.wit
#     ^^^^ source.wit meta.interface-item.wit meta.func-item.wit meta.function.wit keyword.other.func.func-type.wit
#         ^ source.wit meta.interface-item.wit meta.func-item.wit meta.function.wit punctuation.brackets.round.begin.wit
#          ^ source.wit meta.interface-item.wit meta.func-item.wit meta.function.wit punctuation.brackets.round.end.wit
#           ^ source.wit meta.interface-item.wit meta.func-item.wit meta.function.wit
#            ^^ source.wit meta.interface-item.wit meta.func-item.wit meta.function.wit meta.result-list.wit keyword.operator.arrow.skinny.wit
#              ^^^^^^^ source.wit meta.interface-item.wit meta.func-item.wit meta.function.wit meta.types.result-list.wit entity.name.type.string.wit
>  c: func(a: string, b: string) -> string
#^^ source.wit meta.interface-item.wit meta.func-item.wit
#  ^ source.wit meta.interface-item.wit meta.func-item.wit entity.name.function.id.func-item.wit meta.word.wit
#   ^ source.wit meta.interface-item.wit meta.func-item.wit keyword.operator.key-value.wit
#    ^ source.wit meta.interface-item.wit meta.func-item.wit
#     ^^^^ source.wit meta.interface-item.wit meta.func-item.wit meta.function.wit keyword.other.func.func-type.wit
#         ^ source.wit meta.interface-item.wit meta.func-item.wit meta.function.wit punctuation.brackets.round.begin.wit
#          ^ source.wit meta.interface-item.wit meta.func-item.wit meta.function.wit meta.named-type-list.wit variable.parameter.id.named-type.wit
#           ^ source.wit meta.interface-item.wit meta.func-item.wit meta.function.wit meta.named-type-list.wit keyword.operator.key-value.wit
#            ^ source.wit meta.interface-item.wit meta.func-item.wit meta.function.wit meta.named-type-list.wit
#             ^^^^^^ source.wit meta.interface-item.wit meta.func-item.wit meta.function.wit meta.named-type-list.wit entity.name.type.string.wit
#                   ^ source.wit meta.interface-item.wit meta.func-item.wit meta.function.wit meta.named-type-list.wit punctuation.comma.wit
#                    ^ source.wit meta.interface-item.wit meta.func-item.wit meta.function.wit meta.named-type-list.wit
#                     ^ source.wit meta.interface-item.wit meta.func-item.wit meta.function.wit meta.named-type-list.wit variable.parameter.id.named-type.wit
#                      ^ source.wit meta.interface-item.wit meta.func-item.wit meta.function.wit meta.named-type-list.wit keyword.operator.key-value.wit
#                       ^ source.wit meta.interface-item.wit meta.func-item.wit meta.function.wit meta.named-type-list.wit
#                        ^^^^^^ source.wit meta.interface-item.wit meta.func-item.wit meta.function.wit meta.named-type-list.wit entity.name.type.string.wit
#                              ^ source.wit meta.interface-item.wit meta.func-item.wit meta.function.wit punctuation.brackets.round.end.wit
#                               ^ source.wit meta.interface-item.wit meta.func-item.wit meta.function.wit
#                                ^^ source.wit meta.interface-item.wit meta.func-item.wit meta.function.wit meta.result-list.wit keyword.operator.arrow.skinny.wit
#                                  ^^^^^^^ source.wit meta.interface-item.wit meta.func-item.wit meta.function.wit meta.types.result-list.wit entity.name.type.string.wit
>}
#^ source.wit meta.interface-item.wit punctuation.brackets.curly.end.wit
>
>world the-world {
#^^^^^ source.wit meta.world-item.wit keyword.declaration.world.world-item.wit storage.type.wit
#     ^ source.wit meta.world-item.wit
#      ^^^^^^^^^ source.wit meta.world-item.wit entity.name.type.id.world-item.wit
#               ^ source.wit meta.world-item.wit
#                ^ source.wit meta.world-item.wit punctuation.brackets.curly.begin.wit
>  import strings
#^^ source.wit meta.world-item.wit meta.import-item.wit
#  ^^^^^^ source.wit meta.world-item.wit meta.import-item.wit keyword.control.import.import-item.wit
#        ^ source.wit meta.world-item.wit meta.import-item.wit
#         ^^^^^^^ source.wit meta.world-item.wit meta.import-item.wit meta.id.import-item.wit variable.other.id.import-item.wit
>  export strings
#^^ source.wit meta.world-item.wit meta.export-item.wit
#  ^^^^^^ source.wit meta.world-item.wit meta.export-item.wit keyword.control.export.export-item.wit
#        ^ source.wit meta.world-item.wit meta.export-item.wit
#         ^^^^^^^ source.wit meta.world-item.wit meta.export-item.wit meta.id.export-item.wit variable.other.constant.id.export-item.wit
>}
#^ source.wit meta.world-item.wit punctuation.brackets.curly.end.wit
>